\BOOKMARK [1][-]{chapter*.1}{\376\377\000R\000E\000S\000U\000M\000E\000N\000\040}{}% 1
\BOOKMARK [1][-]{chapter*.2}{\376\377\000A\000B\000S\000T\000R\000A\000C\000T\000\040}{}% 2
\BOOKMARK [1][-]{chapter*.3}{\376\377\000I\000N\000T\000R\000O\000D\000U\000C\000C\000I\000\323\000N\000\040}{}% 3
\BOOKMARK [1][-]{chapter*.3}{\376\377\000P\000r\000e\000s\000e\000n\000t\000a\000c\000i\000\363\000n\000\040\000d\000e\000l\000\040\000t\000e\000m\000a\000\040\000d\000e\000\040\000i\000n\000v\000e\000s\000t\000i\000g\000a\000c\000i\000\363\000n\000\040}{}% 4
\BOOKMARK [1][-]{chapter*.3}{\376\377\000D\000e\000s\000c\000r\000i\000p\000c\000i\000\363\000n\000\040\000d\000e\000\040\000l\000a\000\040\000s\000i\000t\000u\000a\000c\000i\000\363\000n\000\040\000p\000r\000o\000b\000l\000e\000m\000\341\000t\000i\000c\000a\000\040}{}% 5
\BOOKMARK [1][-]{figure.caption.4}{\376\377\000F\000o\000r\000m\000u\000l\000a\000c\000i\000\363\000n\000\040\000d\000e\000l\000\040\000p\000r\000o\000b\000l\000e\000m\000a\000\040}{}% 6
\BOOKMARK [1][-]{figure.caption.4}{\376\377\000O\000b\000j\000e\000t\000i\000v\000o\000s\000\040\000d\000e\000\040\000i\000n\000v\000e\000s\000t\000i\000g\000a\000c\000i\000\363\000n\000\040}{}% 7
\BOOKMARK [1][-]{figure.caption.4}{\376\377\000O\000b\000j\000e\000t\000i\000v\000o\000s\000\040\000e\000s\000p\000e\000c\000\355\000f\000i\000c\000o\000s\000\040}{}% 8
\BOOKMARK [1][-]{figure.caption.4}{\376\377\000J\000u\000s\000t\000i\000f\000i\000c\000a\000c\000i\000\363\000n\000\040}{}% 9
\BOOKMARK [1][-]{figure.caption.4}{\376\377\000A\000l\000c\000a\000n\000c\000e\000\040\000y\000\040\000l\000i\000m\000i\000t\000a\000c\000i\000o\000n\000e\000s\000\040\000/\000\040\000r\000e\000s\000t\000r\000i\000c\000c\000i\000o\000n\000e\000s\000\040}{}% 10
\BOOKMARK [0][-]{chapter.5}{\376\377\000I\000\040\000R\000E\000V\000I\000S\000I\000\323\000N\000\040\000C\000R\000\315\000T\000I\000C\000A\000\040\000D\000E\000\040\000L\000A\000\040\000L\000I\000T\000E\000R\000A\000T\000U\000R\000A}{}% 11
\BOOKMARK [1][-]{section.6}{\376\377\0001\000.\0001\000\040\000A\000n\000t\000e\000c\000e\000d\000e\000n\000t\000e\000s}{chapter.5}% 12
\BOOKMARK [1][-]{section.7}{\376\377\0001\000.\0002\000\040\000E\000s\000t\000a\000d\000o\000\040\000d\000e\000l\000\040\000A\000r\000t\000e}{chapter.5}% 13
\BOOKMARK [2][-]{subsection.8}{\376\377\0001\000.\0002\000.\0001\000\040\000S\000i\000s\000t\000e\000m\000a\000s\000\040\000r\000o\000b\000\363\000t\000i\000c\000o\000s\000\040\000t\000e\000l\000e\000o\000p\000e\000r\000a\000d\000o\000s}{section.7}% 14
\BOOKMARK [2][-]{subsection.9}{\376\377\0001\000.\0002\000.\0002\000\040\000S\000i\000s\000t\000e\000m\000a\000s\000\040\000r\000o\000b\000\363\000t\000i\000c\000o\000s\000\040\000a\000p\000l\000i\000c\000a\000d\000o\000s\000\040\000a\000\040\000c\000i\000r\000u\000g\000\355\000a\000s}{section.7}% 15
\BOOKMARK [2][-]{subsection.10}{\376\377\0001\000.\0002\000.\0003\000\040\000R\000e\000c\000o\000n\000o\000c\000i\000m\000i\000e\000n\000t\000o\000\040\000y\000\040\000v\000i\000s\000i\000\363\000n\000\040\000c\000o\000m\000p\000u\000t\000a\000c\000i\000o\000n\000a\000l\000\040\000e\000n\000\040\000c\000i\000r\000u\000g\000\355\000a\000s}{section.7}% 16
\BOOKMARK [2][-]{subsection.11}{\376\377\0001\000.\0002\000.\0004\000\040\000I\000n\000c\000l\000u\000s\000i\000\363\000n\000\040\000d\000e\000\040\000l\000a\000\040\000t\000e\000c\000n\000o\000l\000o\000g\000\355\000a\000\040\000H\000\341\000p\000t\000i\000c\000a}{section.7}% 17
\BOOKMARK [1][-]{section.12}{\376\377\0001\000.\0003\000\040\000S\000\355\000n\000t\000e\000s\000i\000s\000\040\000y\000\040\000b\000r\000e\000c\000h\000a\000\040\000d\000e\000\040\000i\000n\000v\000e\000s\000t\000i\000g\000a\000c\000i\000\363\000n}{chapter.5}% 18
\BOOKMARK [0][-]{chapter.13}{\376\377\000I\000I\000\040\000M\000A\000R\000C\000O\000\040\000T\000E\000\323\000R\000I\000C\000O}{}% 19
\BOOKMARK [1][-]{section.14}{\376\377\0002\000.\0001\000\040\000C\000o\000n\000t\000e\000x\000t\000o\000\040\000d\000e\000l\000\040\000p\000r\000o\000c\000e\000d\000i\000m\000i\000e\000n\000t\000o\000\040\000d\000e\000\040\000s\000u\000t\000u\000r\000a\000\040\000e\000x\000t\000e\000r\000n\000a\000\040\000y\000\040\000r\000e\000q\000u\000e\000r\000i\000m\000i\000e\000n\000t\000o\000s\000\040\000p\000a\000r\000a\000\040\000t\000e\000l\000e\000o\000p\000e\000r\000a\000c\000i\000\363\000n}{chapter.13}% 20
\BOOKMARK [2][-]{subsection.15}{\376\377\0002\000.\0001\000.\0001\000\040\000H\000e\000r\000r\000a\000m\000i\000e\000n\000t\000a\000s\000\040\000c\000o\000m\000u\000n\000e\000s}{section.14}% 21
\BOOKMARK [2][-]{subsection.17}{\376\377\0002\000.\0001\000.\0002\000\040\000C\000a\000r\000a\000c\000t\000e\000r\000\355\000s\000t\000i\000c\000a\000s\000\040\000a\000\040\000c\000o\000n\000s\000i\000d\000e\000r\000a\000r}{section.14}% 22
\BOOKMARK [2][-]{subsection.19}{\376\377\0002\000.\0001\000.\0003\000\040\000T\000\351\000c\000n\000i\000c\000a\000s\000\040\000d\000e\000\040\000a\000p\000l\000i\000c\000a\000c\000i\000\363\000n\000\040\000d\000e\000\040\000s\000u\000t\000u\000r\000a\000s}{section.14}% 23
\BOOKMARK [1][-]{section.25}{\376\377\0002\000.\0002\000\040\000T\000e\000l\000e\000o\000p\000e\000r\000a\000c\000i\000\363\000n\000\040\000m\000a\000e\000s\000t\000r\000o\040\023\000e\000s\000c\000l\000a\000v\000o\000\040\000c\000o\000n\000\040\000r\000e\000t\000r\000o\000a\000l\000i\000m\000e\000n\000t\000a\000c\000i\000\363\000n\000\040\000h\000\341\000p\000t\000i\000c\000a}{chapter.13}% 24
\BOOKMARK [2][-]{subsection.26}{\376\377\0002\000.\0002\000.\0001\000\040\000E\000s\000q\000u\000e\000m\000a\000\040\000b\000i\000l\000a\000t\000e\000r\000a\000l\000\040\000y\000\040\000m\000a\000p\000e\000o\000\040\000m\000a\000e\000s\000t\000r\000o\040\023\000e\000s\000c\000l\000a\000v\000o}{section.25}% 25
\BOOKMARK [2][-]{subsection.28}{\376\377\0002\000.\0002\000.\0002\000\040\000E\000s\000c\000a\000l\000a\000m\000i\000e\000n\000t\000o\000\040\000d\000e\000\040\000m\000o\000v\000i\000m\000i\000e\000n\000t\000o\000\040\000y\000\040\000d\000e\000\040\000f\000u\000e\000r\000z\000a}{section.25}% 26
\BOOKMARK [2][-]{subsection.29}{\376\377\0002\000.\0002\000.\0003\000\040\000P\000r\000i\000n\000c\000i\000p\000i\000o\000s\000\040\000d\000e\000\040\000F\000u\000n\000c\000i\000o\000n\000a\000m\000i\000e\000n\000t\000o\000\040\000d\000e\000\040\000l\000a\000\040\000R\000e\000t\000r\000o\000a\000l\000i\000m\000e\000n\000t\000a\000c\000i\000\363\000n\000\040\000H\000\341\000p\000t\000i\000c\000a\000\040\000e\000n\000\040\000R\000o\000b\000\363\000t\000i\000c\000a}{section.25}% 27
\BOOKMARK [2][-]{subsection.30}{\376\377\0002\000.\0002\000.\0004\000\040\000C\000a\000r\000a\000c\000t\000e\000r\000i\000z\000a\000c\000i\000\363\000n\000\040\000T\000\351\000c\000n\000i\000c\000a\000\040\000d\000e\000l\000\040\000G\000e\000o\000m\000a\000g\000i\000c\000\040\000T\000o\000u\000c\000h}{section.25}% 28
\BOOKMARK [1][-]{section.33}{\376\377\0002\000.\0003\000\040\000M\000o\000d\000e\000l\000o\000\040\000C\000i\000n\000e\000m\000\341\000t\000i\000c\000o\000\040\000d\000e\000l\000\040\000r\000o\000b\000o\000t\000\040\000s\000e\000r\000i\000a\000l}{chapter.13}% 29
\BOOKMARK [2][-]{subsection.34}{\376\377\0002\000.\0003\000.\0001\000\040\000M\000a\000t\000r\000i\000z\000\040\000d\000e\000\040\000T\000r\000a\000n\000s\000f\000o\000r\000m\000a\000c\000i\000\363\000n}{section.33}% 30
\BOOKMARK [2][-]{subsection.38}{\376\377\0002\000.\0003\000.\0002\000\040\000C\000i\000n\000e\000m\000\341\000t\000i\000c\000a\000\040\000D\000i\000r\000e\000c\000t\000a}{section.33}% 31
\BOOKMARK [3][-]{subsubsection.41}{\376\377\0002\000.\0003\000.\0002\000.\0001\000\040\000A\000n\000\341\000l\000i\000s\000i\000s\000\040\000G\000e\000o\000m\000\351\000t\000r\000i\000c\000o\000\040\000y\000\040\000T\000r\000i\000g\000o\000n\000o\000m\000\351\000t\000r\000i\000c\000o}{subsection.38}% 32
\BOOKMARK [3][-]{subsubsection.43}{\376\377\0002\000.\0003\000.\0002\000.\0002\000\040\000M\000\351\000t\000o\000d\000o\000\040\000D\000e\000n\000a\000v\000i\000t\000-\000H\000a\000r\000t\000e\000n\000b\000e\000r\000g}{subsection.38}% 33
\BOOKMARK [2][-]{subsection.50}{\376\377\0002\000.\0003\000.\0003\000\040\000M\000a\000t\000r\000i\000z\000\040\000J\000a\000c\000o\000b\000i\000a\000n\000a}{section.33}% 34
\BOOKMARK [2][-]{subsection.55}{\376\377\0002\000.\0003\000.\0004\000\040\000C\000i\000n\000e\000m\000\341\000t\000i\000c\000a\000\040\000I\000n\000v\000e\000r\000s\000a}{section.33}% 35
\BOOKMARK [3][-]{subsubsection.56}{\376\377\0002\000.\0003\000.\0004\000.\0001\000\040\000M\000\351\000t\000o\000d\000o\000\040\000G\000r\000a\000d\000i\000e\000n\000t\000e}{subsection.55}% 36
\BOOKMARK [3][-]{subsubsection.58}{\376\377\0002\000.\0003\000.\0004\000.\0002\000\040\000M\000\351\000t\000o\000d\000o\000\040\000p\000o\000r\000\040\000O\000p\000t\000i\000m\000i\000z\000a\000c\000i\000\363\000n\000\040\000C\000u\000a\000d\000r\000\341\000t\000i\000c\000a}{subsection.55}% 37
\BOOKMARK [1][-]{section.60}{\376\377\0002\000.\0004\000\040\000M\000o\000d\000e\000l\000o\000\040\000D\000i\000n\000\341\000m\000i\000c\000o\000\040\000d\000e\000l\000\040\000r\000o\000b\000o\000t\000\040\000s\000e\000r\000i\000a\000l\000\040}{chapter.13}% 38
\BOOKMARK [2][-]{subsection.61}{\376\377\0002\000.\0004\000.\0001\000\040\000N\000e\000w\000t\000o\000n\000\040\000E\000u\000l\000e\000r}{section.60}% 39
\BOOKMARK [1][-]{section.67}{\376\377\0002\000.\0005\000\040\000C\000o\000n\000t\000r\000o\000l\000\040\000p\000o\000r\000\040\000D\000i\000n\000\341\000m\000i\000c\000a\000\040\000I\000n\000v\000e\000r\000s\000a}{chapter.13}% 40
\BOOKMARK [2][-]{subsection.68}{\376\377\0002\000.\0005\000.\0001\000\040\000E\000s\000p\000a\000c\000i\000o\000\040\000A\000r\000t\000i\000c\000u\000l\000a\000r}{section.67}% 41
\BOOKMARK [2][-]{subsection.78}{\376\377\0002\000.\0005\000.\0002\000\040\000E\000s\000p\000a\000c\000i\000o\000\040\000O\000p\000e\000r\000a\000c\000i\000o\000n\000a\000l}{section.67}% 42
\BOOKMARK [1][-]{section.82}{\376\377\0002\000.\0006\000\040\000C\000o\000n\000t\000r\000o\000l\000\040\000p\000o\000r\000\040\000M\000o\000d\000o\000\040\000D\000e\000s\000l\000i\000z\000a\000n\000t\000e}{chapter.13}% 43
\BOOKMARK [2][-]{subsection.83}{\376\377\0002\000.\0006\000.\0001\000\040\000I\000n\000t\000r\000o\000d\000u\000c\000c\000i\000\363\000n\000\040\000a\000l\000\040\000c\000o\000n\000t\000r\000o\000l\000\040\000p\000o\000r\000\040\000m\000o\000d\000o\000\040\000d\000e\000s\000l\000i\000z\000a\000n\000t\000e\000\040\000\050\000S\000M\000C\000\051}{section.82}% 44
\BOOKMARK [2][-]{subsection.84}{\376\377\0002\000.\0006\000.\0002\000\040\000D\000i\000s\000e\000\361\000o\000\040\000d\000e\000l\000\040\000c\000o\000n\000t\000r\000o\000l\000\040\000S\000M\000C}{section.82}% 45
\BOOKMARK [1][-]{section.86}{\376\377\0002\000.\0007\000\040\000C\000o\000n\000t\000r\000o\000l\000\040\000p\000o\000r\000\040\000I\000m\000p\000e\000d\000a\000n\000c\000i\000a}{chapter.13}% 46
\BOOKMARK [2][-]{subsection.87}{\376\377\0002\000.\0007\000.\0001\000\040\000D\000i\000s\000e\000\361\000o\000\040\000d\000e\000l\000\040\000c\000o\000n\000t\000r\000o\000l\000\040\000p\000o\000r\000\040\000i\000m\000p\000e\000d\000a\000n\000c\000i\000a\000\040\000e\000n\000\040\000e\000l\000\040\000e\000s\000p\000a\000c\000i\000o\000\040\000o\000p\000e\000r\000a\000c\000i\000o\000n\000a\000l}{section.86}% 47
\BOOKMARK [1][-]{section.95}{\376\377\0002\000.\0008\000\040\000S\000i\000s\000t\000e\000m\000a\000\040\000O\000p\000e\000r\000a\000t\000i\000v\000o\000\040\000R\000o\000b\000\363\000t\000i\000c\000o\000\040\000\050\000R\000O\000S\000\051}{chapter.13}% 48
\BOOKMARK [2][-]{subsection.96}{\376\377\0002\000.\0008\000.\0001\000\040\000E\000s\000t\000r\000u\000c\000t\000u\000r\000a}{section.95}% 49
\BOOKMARK [2][-]{subsection.97}{\376\377\0002\000.\0008\000.\0002\000\040\000N\000o\000d\000o\000s\000\040\000y\000\040\000T\000\363\000p\000i\000c\000o\000s}{section.95}% 50
\BOOKMARK [2][-]{subsection.99}{\376\377\0002\000.\0008\000.\0003\000\040\000L\000a\000n\000z\000a\000d\000o\000r\000e\000s}{section.95}% 51
\BOOKMARK [1][-]{section.100}{\376\377\0002\000.\0009\000\040\000I\000n\000t\000e\000r\000f\000a\000c\000e\000s\000\040\000g\000r\000\341\000f\000i\000c\000a\000s\000\040\000e\000n\000\040\000R\000O\000S}{chapter.13}% 52
\BOOKMARK [2][-]{subsection.102}{\376\377\0002\000.\0009\000.\0001\000\040\000R\000v\000i\000z}{section.100}% 53
\BOOKMARK [2][-]{subsection.104}{\376\377\0002\000.\0009\000.\0002\000\040\000G\000a\000z\000e\000b\000o}{section.100}% 54
\BOOKMARK [2][-]{subsection.106}{\376\377\0002\000.\0009\000.\0003\000\040\000Q\000t\0005}{section.100}% 55
\BOOKMARK [0][-]{chapter.107}{\376\377\000I\000I\000I\000\040\000M\000A\000R\000C\000O\000\040\000M\000E\000T\000O\000D\000O\000L\000\323\000G\000I\000C\000O}{}% 56
\BOOKMARK [1][-]{section.108}{\376\377\0003\000.\0001\000\040\000M\000e\000t\000o\000d\000o\000l\000o\000g\000\355\000a\000\040\000d\000e\000\040\000d\000e\000s\000a\000r\000r\000o\000l\000l\000o\000\040\000b\000a\000s\000a\000d\000a\000\040\000e\000n\000\040\000l\000a\000\040\000n\000o\000r\000m\000a\000\040\000V\000D\000I\000\040\0002\0002\0000\0006}{chapter.107}% 57
\BOOKMARK [1][-]{section.114}{\376\377\0003\000.\0002\000\040\000D\000i\000s\000e\000\361\000o\000\040\000d\000e\000l\000\040\000s\000i\000s\000t\000e\000m\000a\000\040\000r\000o\000b\000\363\000t\000i\000c\000o}{chapter.107}% 58
\BOOKMARK [1][-]{section.118}{\376\377\0003\000.\0003\000\040\000I\000m\000p\000l\000e\000m\000e\000n\000t\000a\000c\000i\000\363\000n\000\040\000d\000e\000l\000\040\000s\000i\000s\000t\000e\000m\000a\000\040\000d\000e\000\040\000c\000o\000n\000t\000r\000o\000l}{chapter.107}% 59
\BOOKMARK [2][-]{subsection.119}{\376\377\0003\000.\0003\000.\0001\000\040\000I\000n\000t\000e\000r\000f\000a\000z\000\040\000h\000\341\000p\000t\000i\000c\000a\000-\000r\000o\000b\000\363\000t\000i\000c\000a}{section.118}% 60
\BOOKMARK [2][-]{subsection.121}{\376\377\0003\000.\0003\000.\0002\000\040\000C\000o\000n\000t\000r\000o\000l\000\040\000p\000o\000r\000\040\000o\000p\000t\000i\000m\000i\000z\000a\000c\000i\000\363\000n}{section.118}% 61
\BOOKMARK [2][-]{subsection.128}{\376\377\0003\000.\0003\000.\0003\000\040\000C\000o\000n\000t\000r\000o\000l\000\040\000p\000o\000r\000\040\000m\000o\000d\000o\000\040\000d\000e\000s\000l\000i\000z\000a\000n\000t\000e}{section.118}% 62
\BOOKMARK [2][-]{subsection.131}{\376\377\0003\000.\0003\000.\0004\000\040\000C\000o\000n\000t\000r\000o\000l\000\040\000p\000o\000r\000\040\000i\000m\000p\000e\000d\000a\000n\000c\000i\000a}{section.118}% 63
\BOOKMARK [2][-]{subsection.133}{\376\377\0003\000.\0003\000.\0005\000\040\000F\000r\000e\000c\000u\000e\000n\000c\000i\000a\000\040\000d\000e\000\040\000c\000o\000n\000t\000r\000o\000l\000\040\000y\000\040\000c\000o\000n\000v\000e\000r\000s\000i\000\363\000n\000\040\000d\000e\000\040\000t\000o\000r\000q\000u\000e\000\040\000a\000\040\000p\000o\000s\000i\000c\000i\000\363\000n}{section.118}% 64
\BOOKMARK [1][-]{section.135}{\376\377\0003\000.\0004\000\040\000I\000n\000t\000e\000r\000f\000a\000z\000\040\000d\000e\000\040\000l\000a\000n\000z\000a\000d\000o\000r}{chapter.107}% 65
\BOOKMARK [2][-]{subsection.136}{\376\377\0003\000.\0004\000.\0001\000\040\000L\000\363\000g\000i\000c\000a\000\040\000e\000n\000\040\000C\000+\000+}{section.135}% 66
\BOOKMARK [2][-]{subsection.137}{\376\377\0003\000.\0004\000.\0002\000\040\000I\000n\000t\000e\000r\000f\000a\000z\000\040\000e\000n\000\040\000P\000y\000t\000h\000o\000n}{section.135}% 67
\BOOKMARK [1][-]{section.139}{\376\377\0003\000.\0005\000\040\000D\000i\000s\000e\000\361\000o\000\040\000y\000\040\000f\000a\000b\000r\000i\000c\000a\000c\000i\000\363\000n\000\040\000d\000e\000\040\000a\000d\000a\000p\000t\000a\000d\000o\000r\000e\000s}{chapter.107}% 68
\BOOKMARK [2][-]{subsection.140}{\376\377\0003\000.\0005\000.\0001\000\040\000A\000d\000a\000p\000t\000a\000d\000o\000r\000\040\000d\000e\000\040\000u\000n\000a\000\040\000p\000i\000n\000z\000a\000\040\000g\000e\000n\000\351\000r\000i\000c\000a\000\040\000p\000a\000r\000a\000\040\000e\000l\000\040\000g\000r\000i\000p\000p\000e\000r\000\040\000R\000o\000b\000o\000t\000i\000q\000\040\0002\000F\040\021\0008\0005\000\040\000p\000a\000r\000a\000\040\000U\000R\0005}{section.139}% 69
\BOOKMARK [2][-]{subsection.142}{\376\377\0003\000.\0005\000.\0002\000\040\000A\000d\000a\000p\000t\000a\000d\000o\000r\000\040\000d\000e\000l\000\040\000e\000f\000e\000c\000t\000o\000r\000\040\000f\000i\000n\000a\000l\000\040\000d\000e\000l\000\040\000G\000e\000o\000m\000a\000g\000i\000c\000\040\000T\000o\000u\000c\000h\000\040\000p\000a\000r\000a\000\040\000s\000u\000t\000u\000r\000a}{section.139}% 70
\BOOKMARK [1][-]{section.144}{\376\377\0003\000.\0006\000\040\000V\000a\000l\000i\000d\000a\000c\000i\000\363\000n\000\040\000e\000x\000p\000e\000r\000i\000m\000e\000n\000t\000a\000l}{chapter.107}% 71
\BOOKMARK [2][-]{subsection.145}{\376\377\0003\000.\0006\000.\0001\000\040\000P\000r\000u\000e\000b\000a\000s\000\040\000d\000e\000\040\000s\000e\000g\000u\000i\000m\000i\000e\000n\000t\000o\000\040\000a\000\040\000t\000r\000a\000y\000e\000c\000t\000o\000r\000i\000a}{section.144}% 72
\BOOKMARK [2][-]{subsection.147}{\376\377\0003\000.\0006\000.\0002\000\040\000V\000a\000l\000i\000d\000a\000c\000i\000\363\000n\000\040\000d\000e\000\040\000t\000e\000l\000e\000o\000p\000e\000r\000a\000c\000i\000\363\000n}{section.144}% 73
\BOOKMARK [2][-]{subsection.148}{\376\377\0003\000.\0006\000.\0003\000\040\000V\000a\000l\000i\000d\000a\000c\000i\000\363\000n\000\040\000c\000o\000n\000\040\000e\000l\000\040\000b\000a\000n\000c\000o\000\040\000d\000e\000\040\000t\000r\000a\000b\000a\000j\000o}{section.144}% 74
\BOOKMARK [0][-]{chapter.149}{\376\377\000I\000V\000\040\000R\000E\000S\000U\000L\000T\000A\000D\000O\000S}{}% 75
\BOOKMARK [1][-]{section.150}{\376\377\0004\000.\0001\000\040\000T\000r\000a\000y\000e\000c\000t\000o\000r\000i\000a\000s\000\040\000d\000e\000\040\000p\000r\000u\000e\000b\000a}{chapter.149}% 76
\BOOKMARK [1][-]{section.153}{\376\377\0004\000.\0002\000\040\000C\000o\000m\000p\000a\000r\000a\000c\000i\000\363\000n\000\040\000d\000e\000\040\000a\000r\000q\000u\000i\000t\000e\000c\000t\000u\000r\000a\000s\000\040\000d\000e\000\040\000c\000o\000n\000t\000r\000o\000l}{chapter.149}% 77
\BOOKMARK [2][-]{subsection.154}{\376\377\0004\000.\0002\000.\0001\000\040\000C\000o\000n\000t\000r\000o\000l\000\040\000p\000o\000r\000\040\000i\000m\000p\000e\000d\000a\000n\000c\000i\000a}{section.153}% 78
\BOOKMARK [3][-]{subsubsection.155}{\376\377\0004\000.\0002\000.\0001\000.\0001\000\040\000T\000r\000a\000y\000e\000c\000t\000o\000r\000i\000a\000\040\000r\000e\000c\000t\000a}{subsection.154}% 79
\BOOKMARK [3][-]{subsubsection.159}{\376\377\0004\000.\0002\000.\0001\000.\0002\000\040\000C\000u\000r\000v\000a\000\040\000h\000e\000l\000i\000c\000o\000i\000d\000a\000l}{subsection.154}% 80
\BOOKMARK [2][-]{subsection.163}{\376\377\0004\000.\0002\000.\0002\000\040\000C\000o\000n\000t\000r\000o\000l\000\040\000p\000o\000r\000\040\000m\000o\000d\000o\000\040\000d\000e\000s\000l\000i\000z\000a\000n\000t\000e}{section.153}% 81
\BOOKMARK [3][-]{subsubsection.164}{\376\377\0004\000.\0002\000.\0002\000.\0001\000\040\000T\000r\000a\000y\000e\000c\000t\000o\000r\000i\000a\000\040\000r\000e\000c\000t\000a}{subsection.163}% 82
\BOOKMARK [3][-]{subsubsection.168}{\376\377\0004\000.\0002\000.\0002\000.\0002\000\040\000C\000u\000r\000v\000a\000\040\000h\000e\000l\000i\000c\000o\000i\000d\000a\000l}{subsection.163}% 83
\BOOKMARK [2][-]{subsection.172}{\376\377\0004\000.\0002\000.\0003\000\040\000O\000p\000t\000i\000m\000i\000z\000a\000c\000i\000\363\000n\000\040\000c\000u\000a\000d\000r\000\341\000t\000i\000c\000a\000\040\000\050\000Q\000P\000\051}{section.153}% 84
\BOOKMARK [3][-]{subsubsection.173}{\376\377\0004\000.\0002\000.\0003\000.\0001\000\040\000T\000r\000a\000y\000e\000c\000t\000o\000r\000i\000a\000\040\000r\000e\000c\000t\000a}{subsection.172}% 85
\BOOKMARK [3][-]{subsubsection.177}{\376\377\0004\000.\0002\000.\0003\000.\0002\000\040\000C\000u\000r\000v\000a\000\040\000h\000e\000l\000i\000c\000o\000i\000d\000a\000l}{subsection.172}% 86
\BOOKMARK [2][-]{subsection.181}{\376\377\0004\000.\0002\000.\0004\000\040\000S\000\355\000n\000t\000e\000s\000i\000s\000\040\000c\000o\000m\000p\000a\000r\000a\000t\000i\000v\000a}{section.153}% 87
\BOOKMARK [1][-]{section.184}{\376\377\0004\000.\0003\000\040\000V\000a\000l\000i\000d\000a\000c\000i\000\363\000n\000\040\000d\000e\000\040\000t\000e\000l\000e\000o\000p\000e\000r\000a\000c\000i\000\363\000n}{chapter.149}% 88
\BOOKMARK [1][-]{section.188}{\376\377\0004\000.\0004\000\040\000V\000a\000l\000i\000d\000a\000c\000i\000\363\000n\000\040\000c\000o\000n\000\040\000e\000l\000\040\000b\000a\000n\000c\000o\000\040\000d\000e\000\040\000t\000r\000a\000b\000a\000j\000o}{chapter.149}% 89
\BOOKMARK [1][-]{chapter*.189}{\376\377\000C\000O\000N\000C\000L\000U\000S\000I\000O\000N\000E\000S\000\040}{chapter.149}% 90
\BOOKMARK [1][-]{chapter*.190}{\376\377\000R\000E\000C\000O\000M\000E\000N\000D\000A\000C\000I\000O\000N\000E\000S}{chapter.149}% 91
\BOOKMARK [1][-]{chapter*.192}{\376\377\000A\000N\000E\000X\000O\000S}{chapter.149}% 92
